// Jest Snapshot v1, https://goo.gl/fbAQLP

exports[`productiv app matches snapshot 1`] = `
<div>
  <div
    class="Todo"
    id="1"
  >
    <div>
      <b>
         
        top priority
         
      </b>
       
      <small>
         (priority: 
        1
        )
      </small>
    </div>
    <div>
      <small>
        test2
      </small>
    </div>
  </div>
</div>
`;
